// Jest Snapshot v1, https://goo.gl/fbAQLP

exports[`HashTestCases should print correct hash for package-path-change-0 1`] = `
[
  "runtime.e08d0a0b1f6c8d2.js",
  "main.c548416283454213.js",
  "991.a254d6dda9646a60.js",
]
`;

exports[`HashTestCases should print correct hash for package-path-change-1 1`] = `
[
  "runtime.c9bacb97bb5a18e9.js",
  "main.a16576f237acace1.js",
  "393.34b95e1c6c7e6d7f.js",
]
`;

exports[`HashTestCases should print correct hash for real-content-hash 1`] = `undefined`;
